2026-01-18 02:55:30 INFO  com.sinan.utilities.ConfigManager - Config dosyası yükleniyor: /Volumes/sinan/Projects/Automation_Tool_V1/src/test/resources/config.properties
2026-01-18 02:55:30 INFO  com.sinan.utilities.ConfigManager - Config dosyası başarıyla yüklendi
2026-01-18 02:55:30 INFO  com.sinan.tests.BaseTest - Test setup başlatılıyor...
2026-01-18 02:55:30 INFO  com.sinan.utilities.DriverFactory - WebDriver oluşturuluyor: chrome
2026-01-18 02:55:30 INFO  com.sinan.tests.BaseTest - Test setup başlatılıyor...
2026-01-18 02:55:30 INFO  com.sinan.utilities.DriverFactory - WebDriver oluşturuluyor: chrome
2026-01-18 02:55:31 INFO  com.sinan.utilities.DriverFactory - ChromeDriver başarıyla oluşturuldu
2026-01-18 02:55:31 INFO  com.sinan.utilities.DriverFactory - ChromeDriver başarıyla oluşturuldu
2026-01-18 02:55:31 INFO  com.sinan.tests.BaseTest - WebDriver başarıyla oluşturuldu
2026-01-18 02:55:31 INFO  com.sinan.listeners.TestListener - Test başlatılıyor: testLoginWithNullPassword
2026-01-18 02:55:31 INFO  com.sinan.tests.BaseTest - WebDriver başarıyla oluşturuldu
2026-01-18 02:55:31 INFO  com.sinan.listeners.TestListener - Test başlatılıyor: testLoginDDT
2026-01-18 02:55:31 INFO  com.sinan.tests.LoginTests - Test Başlıyor -> Kullanıcı: techproed
2026-01-18 02:55:37 INFO  com.sinan.listeners.TestListener - Test başarılı: testLoginWithNullPassword
2026-01-18 02:55:37 INFO  com.sinan.tests.BaseTest - Test tearDown başlatılıyor...
2026-01-18 02:55:37 INFO  com.sinan.utilities.DriverFactory - WebDriver kapatılıyor...
2026-01-18 02:55:37 INFO  com.sinan.utilities.DriverFactory - WebDriver başarıyla kapatıldı
2026-01-18 02:55:37 INFO  com.sinan.tests.BaseTest - WebDriver kapatıldı
2026-01-18 02:55:49 INFO  com.sinan.listeners.TestListener - Test başarılı: testLoginDDT
2026-01-18 02:55:49 INFO  com.sinan.tests.BaseTest - Test tearDown başlatılıyor...
2026-01-18 02:55:49 INFO  com.sinan.utilities.DriverFactory - WebDriver kapatılıyor...
2026-01-18 02:55:49 INFO  com.sinan.utilities.DriverFactory - WebDriver başarıyla kapatıldı
2026-01-18 02:55:49 INFO  com.sinan.tests.BaseTest - WebDriver kapatıldı
2026-01-18 02:55:49 INFO  com.sinan.tests.BaseTest - Test setup başlatılıyor...
2026-01-18 02:55:49 INFO  com.sinan.utilities.DriverFactory - WebDriver oluşturuluyor: chrome
2026-01-18 02:55:50 INFO  com.sinan.utilities.DriverFactory - ChromeDriver başarıyla oluşturuldu
2026-01-18 02:55:50 INFO  com.sinan.tests.BaseTest - WebDriver başarıyla oluşturuldu
2026-01-18 02:55:50 INFO  com.sinan.listeners.TestListener - Test başlatılıyor: testLoginDDT
2026-01-18 02:55:50 INFO  com.sinan.tests.LoginTests - Test Başlıyor -> Kullanıcı: undefinedUser
2026-01-18 02:56:03 INFO  com.sinan.listeners.TestListener - Test başarılı: testLoginDDT
2026-01-18 02:56:03 INFO  com.sinan.tests.BaseTest - Test tearDown başlatılıyor...
2026-01-18 02:56:03 INFO  com.sinan.utilities.DriverFactory - WebDriver kapatılıyor...
2026-01-18 02:56:03 INFO  com.sinan.utilities.DriverFactory - WebDriver başarıyla kapatıldı
2026-01-18 02:56:03 INFO  com.sinan.tests.BaseTest - WebDriver kapatıldı
2026-01-18 02:56:03 INFO  com.sinan.listeners.TestListener - Test suite tamamlandı. Rapor kaydediliyor...
2026-01-18 02:56:03 INFO  com.sinan.listeners.TestListener - Rapor başarıyla kaydedildi
2026-01-18 02:56:03 INFO  com.sinan.tests.BaseTest - Test setup başlatılıyor...
2026-01-18 02:56:03 INFO  com.sinan.tests.BaseTest - Test setup başlatılıyor...
2026-01-18 02:56:03 INFO  com.sinan.utilities.DriverFactory - WebDriver oluşturuluyor: chrome
2026-01-18 02:56:03 INFO  com.sinan.tests.BaseTest - Test setup başlatılıyor...
2026-01-18 02:56:03 INFO  com.sinan.utilities.DriverFactory - WebDriver oluşturuluyor: chrome
2026-01-18 02:56:03 INFO  com.sinan.utilities.DriverFactory - WebDriver oluşturuluyor: chrome
2026-01-18 02:56:04 INFO  com.sinan.utilities.DriverFactory - ChromeDriver başarıyla oluşturuldu
2026-01-18 02:56:04 INFO  com.sinan.tests.BaseTest - WebDriver başarıyla oluşturuldu
2026-01-18 02:56:04 INFO  com.sinan.listeners.TestListener - Test başlatılıyor: testOutputDisplayedAfterSubmit
2026-01-18 02:56:04 INFO  com.sinan.utilities.DriverFactory - ChromeDriver başarıyla oluşturuldu
2026-01-18 02:56:04 INFO  com.sinan.utilities.DriverFactory - ChromeDriver başarıyla oluşturuldu
2026-01-18 02:56:04 INFO  com.sinan.tests.BaseTest - WebDriver başarıyla oluşturuldu
2026-01-18 02:56:04 INFO  com.sinan.listeners.TestListener - Test başlatılıyor: testFillFormWithSpecificData
2026-01-18 02:56:04 INFO  com.sinan.tests.BaseTest - WebDriver başarıyla oluşturuldu
2026-01-18 02:56:04 INFO  com.sinan.listeners.TestListener - Test başlatılıyor: testFillFormAndVerifyResult
2026-01-18 02:56:04 INFO  com.sinan.tests.TextBoxTest - Test Başlıyor -> Full Name: John Doe
2026-01-18 02:56:05 INFO  com.sinan.tests.TextBoxTest - Test Başlıyor -> Full Name: Rayford Emard
2026-01-18 02:56:06 INFO  com.sinan.listeners.TestListener - Test başarılı: testFillFormAndVerifyResult
2026-01-18 02:56:06 INFO  com.sinan.tests.BaseTest - Test tearDown başlatılıyor...
2026-01-18 02:56:06 INFO  com.sinan.utilities.DriverFactory - WebDriver kapatılıyor...
2026-01-18 02:56:06 INFO  com.sinan.utilities.DriverFactory - WebDriver başarıyla kapatıldı
2026-01-18 02:56:06 INFO  com.sinan.tests.BaseTest - WebDriver kapatıldı
2026-01-18 02:56:09 INFO  com.sinan.listeners.TestListener - Test başarılı: testOutputDisplayedAfterSubmit
2026-01-18 02:56:09 INFO  com.sinan.tests.BaseTest - Test tearDown başlatılıyor...
2026-01-18 02:56:09 INFO  com.sinan.utilities.DriverFactory - WebDriver kapatılıyor...
2026-01-18 02:56:09 INFO  com.sinan.utilities.DriverFactory - WebDriver başarıyla kapatıldı
2026-01-18 02:56:09 INFO  com.sinan.tests.BaseTest - WebDriver kapatıldı
2026-01-18 02:56:15 INFO  com.sinan.listeners.TestListener - Test başarılı: testFillFormWithSpecificData
2026-01-18 02:56:15 INFO  com.sinan.tests.BaseTest - Test tearDown başlatılıyor...
2026-01-18 02:56:15 INFO  com.sinan.utilities.DriverFactory - WebDriver kapatılıyor...
2026-01-18 02:56:15 INFO  com.sinan.utilities.DriverFactory - WebDriver başarıyla kapatıldı
2026-01-18 02:56:15 INFO  com.sinan.tests.BaseTest - WebDriver kapatıldı
2026-01-18 02:56:15 INFO  com.sinan.listeners.TestListener - Test suite tamamlandı. Rapor kaydediliyor...
2026-01-18 02:56:15 INFO  com.sinan.listeners.TestListener - Rapor başarıyla kaydedildi
2026-01-18 02:56:15 INFO  com.sinan.tests.BaseTest - Test setup başlatılıyor...
2026-01-18 02:56:15 INFO  com.sinan.utilities.DriverFactory - WebDriver oluşturuluyor: chrome
2026-01-18 02:56:15 INFO  com.sinan.tests.BaseTest - Test setup başlatılıyor...
2026-01-18 02:56:15 INFO  com.sinan.tests.BaseTest - Test setup başlatılıyor...
2026-01-18 02:56:15 INFO  com.sinan.tests.BaseTest - Test setup başlatılıyor...
2026-01-18 02:56:15 INFO  com.sinan.utilities.DriverFactory - WebDriver oluşturuluyor: chrome
2026-01-18 02:56:15 INFO  com.sinan.utilities.DriverFactory - WebDriver oluşturuluyor: chrome
2026-01-18 02:56:15 INFO  com.sinan.utilities.DriverFactory - WebDriver oluşturuluyor: chrome
2026-01-18 02:56:16 INFO  com.sinan.utilities.DriverFactory - ChromeDriver başarıyla oluşturuldu
2026-01-18 02:56:16 INFO  com.sinan.utilities.DriverFactory - ChromeDriver başarıyla oluşturuldu
2026-01-18 02:56:16 INFO  com.sinan.utilities.DriverFactory - ChromeDriver başarıyla oluşturuldu
2026-01-18 02:56:16 INFO  com.sinan.utilities.DriverFactory - ChromeDriver başarıyla oluşturuldu
2026-01-18 02:56:16 INFO  com.sinan.tests.BaseTest - WebDriver başarıyla oluşturuldu
2026-01-18 02:56:16 INFO  com.sinan.tests.BaseTest - WebDriver başarıyla oluşturuldu
2026-01-18 02:56:16 INFO  com.sinan.tests.BaseTest - WebDriver başarıyla oluşturuldu
2026-01-18 02:56:16 INFO  com.sinan.listeners.TestListener - Test başlatılıyor: testYesRadioButton
2026-01-18 02:56:16 INFO  com.sinan.listeners.TestListener - Test başlatılıyor: testNoRadioButtonDisabled
2026-01-18 02:56:16 INFO  com.sinan.listeners.TestListener - Test başlatılıyor: testRadioButtonSwitching
2026-01-18 02:56:16 INFO  com.sinan.tests.BaseTest - WebDriver başarıyla oluşturuldu
2026-01-18 02:56:16 INFO  com.sinan.listeners.TestListener - Test başlatılıyor: testImpressiveRadioButton
2026-01-18 02:56:16 INFO  com.sinan.tests.RadioButtonTest - Yes radio button seçiliyor...
2026-01-18 02:56:17 INFO  com.sinan.tests.RadioButtonTest - Impressive radio button seçiliyor...
2026-01-18 02:56:26 INFO  com.sinan.tests.RadioButtonTest - Impressive radio button tıklanıyor...
2026-01-18 02:56:27 INFO  com.sinan.tests.RadioButtonTest - Yes radio button tıklanıyor...
2026-01-18 02:56:28 INFO  com.sinan.tests.RadioButtonTest - No radio button durumu kontrol ediliyor...
2026-01-18 02:56:28 INFO  com.sinan.tests.RadioButtonTest - No radio button enabled durumu: false
2026-01-18 02:56:28 INFO  com.sinan.listeners.TestListener - Test başarılı: testNoRadioButtonDisabled
2026-01-18 02:56:28 INFO  com.sinan.tests.BaseTest - Test tearDown başlatılıyor...
2026-01-18 02:56:28 INFO  com.sinan.utilities.DriverFactory - WebDriver kapatılıyor...
2026-01-18 02:56:28 INFO  com.sinan.utilities.DriverFactory - WebDriver başarıyla kapatıldı
2026-01-18 02:56:28 INFO  com.sinan.tests.BaseTest - WebDriver kapatıldı
2026-01-18 02:57:17 INFO  com.sinan.tests.BaseTest - Test tearDown başlatılıyor...
2026-01-18 02:57:17 INFO  com.sinan.utilities.DriverFactory - WebDriver kapatılıyor...
2026-01-18 02:57:17 INFO  com.sinan.utilities.DriverFactory - WebDriver başarıyla kapatıldı
2026-01-18 02:57:17 INFO  com.sinan.tests.BaseTest - WebDriver kapatıldı
2026-01-18 02:57:17 INFO  com.sinan.tests.BaseTest - Test setup başlatılıyor...
2026-01-18 02:57:17 INFO  com.sinan.utilities.DriverFactory - WebDriver oluşturuluyor: chrome
2026-01-18 02:57:18 INFO  com.sinan.utilities.DriverFactory - ChromeDriver başarıyla oluşturuldu
2026-01-18 02:57:18 INFO  com.sinan.tests.BaseTest - WebDriver başarıyla oluşturuldu
2026-01-18 02:57:18 INFO  com.sinan.listeners.TestListener - Test başlatılıyor: testRadioButtonSwitching
2026-01-18 02:57:21 INFO  com.sinan.tests.RadioButtonTest - Yes radio button seçiliyor...
2026-01-18 02:57:21 INFO  com.sinan.tests.RadioButtonTest - Impressive radio button seçiliyor...
2026-01-18 02:57:27 INFO  com.sinan.tests.BaseTest - Test tearDown başlatılıyor...
2026-01-18 02:57:27 INFO  com.sinan.utilities.DriverFactory - WebDriver kapatılıyor...
2026-01-18 02:57:27 INFO  com.sinan.utilities.DriverFactory - WebDriver başarıyla kapatıldı
2026-01-18 02:57:27 INFO  com.sinan.tests.BaseTest - WebDriver kapatıldı
2026-01-18 02:57:27 INFO  com.sinan.tests.BaseTest - Test setup başlatılıyor...
2026-01-18 02:57:27 INFO  com.sinan.utilities.DriverFactory - WebDriver oluşturuluyor: chrome
2026-01-18 02:57:27 INFO  com.sinan.utilities.DriverFactory - ChromeDriver başarıyla oluşturuldu
2026-01-18 02:57:27 INFO  com.sinan.tests.BaseTest - WebDriver başarıyla oluşturuldu
2026-01-18 02:57:27 INFO  com.sinan.listeners.TestListener - Test başlatılıyor: testImpressiveRadioButton
2026-01-18 02:57:27 INFO  com.sinan.tests.BaseTest - Test tearDown başlatılıyor...
2026-01-18 02:57:27 INFO  com.sinan.utilities.DriverFactory - WebDriver kapatılıyor...
2026-01-18 02:57:28 INFO  com.sinan.utilities.DriverFactory - WebDriver başarıyla kapatıldı
2026-01-18 02:57:28 INFO  com.sinan.tests.BaseTest - WebDriver kapatıldı
2026-01-18 02:57:28 INFO  com.sinan.tests.BaseTest - Test setup başlatılıyor...
2026-01-18 02:57:28 INFO  com.sinan.utilities.DriverFactory - WebDriver oluşturuluyor: chrome
2026-01-18 02:57:28 INFO  com.sinan.utilities.DriverFactory - ChromeDriver başarıyla oluşturuldu
2026-01-18 02:57:28 INFO  com.sinan.tests.BaseTest - WebDriver başarıyla oluşturuldu
2026-01-18 02:57:28 INFO  com.sinan.listeners.TestListener - Test başlatılıyor: testYesRadioButton
2026-01-18 02:57:38 INFO  com.sinan.tests.RadioButtonTest - Impressive radio button tıklanıyor...
2026-01-18 02:58:00 INFO  com.sinan.tests.RadioButtonTest - Yes radio button tıklanıyor...
2026-01-18 02:58:22 INFO  com.sinan.tests.BaseTest - Test tearDown başlatılıyor...
2026-01-18 02:58:22 INFO  com.sinan.utilities.DriverFactory - WebDriver kapatılıyor...
2026-01-18 02:58:22 INFO  com.sinan.utilities.DriverFactory - WebDriver başarıyla kapatıldı
2026-01-18 02:58:22 INFO  com.sinan.tests.BaseTest - WebDriver kapatıldı
2026-01-18 02:58:22 INFO  com.sinan.tests.BaseTest - Test setup başlatılıyor...
2026-01-18 02:58:22 INFO  com.sinan.utilities.DriverFactory - WebDriver oluşturuluyor: chrome
2026-01-18 02:58:22 INFO  com.sinan.utilities.DriverFactory - ChromeDriver başarıyla oluşturuldu
2026-01-18 02:58:22 INFO  com.sinan.tests.BaseTest - WebDriver başarıyla oluşturuldu
2026-01-18 02:58:22 INFO  com.sinan.listeners.TestListener - Test başlatılıyor: testRadioButtonSwitching
2026-01-18 02:58:25 INFO  com.sinan.tests.RadioButtonTest - Yes radio button seçiliyor...
2026-01-18 02:58:25 INFO  com.sinan.tests.RadioButtonTest - Impressive radio button seçiliyor...
2026-01-18 02:58:38 INFO  com.sinan.tests.BaseTest - Test tearDown başlatılıyor...
2026-01-18 02:58:38 INFO  com.sinan.utilities.DriverFactory - WebDriver kapatılıyor...
2026-01-18 02:58:38 INFO  com.sinan.utilities.DriverFactory - WebDriver başarıyla kapatıldı
2026-01-18 02:58:38 INFO  com.sinan.tests.BaseTest - WebDriver kapatıldı
2026-01-18 02:58:38 INFO  com.sinan.tests.BaseTest - Test setup başlatılıyor...
2026-01-18 02:58:38 INFO  com.sinan.utilities.DriverFactory - WebDriver oluşturuluyor: chrome
2026-01-18 02:58:39 INFO  com.sinan.utilities.DriverFactory - ChromeDriver başarıyla oluşturuldu
2026-01-18 02:58:39 INFO  com.sinan.tests.BaseTest - WebDriver başarıyla oluşturuldu
2026-01-18 02:58:39 INFO  com.sinan.listeners.TestListener - Test başlatılıyor: testImpressiveRadioButton
2026-01-18 02:58:52 INFO  com.sinan.tests.RadioButtonTest - Impressive radio button tıklanıyor...
2026-01-18 02:59:00 INFO  com.sinan.tests.BaseTest - Test tearDown başlatılıyor...
2026-01-18 02:59:00 INFO  com.sinan.utilities.DriverFactory - WebDriver kapatılıyor...
2026-01-18 02:59:00 INFO  com.sinan.utilities.DriverFactory - WebDriver başarıyla kapatıldı
2026-01-18 02:59:00 INFO  com.sinan.tests.BaseTest - WebDriver kapatıldı
2026-01-18 02:59:00 INFO  com.sinan.tests.BaseTest - Test setup başlatılıyor...
2026-01-18 02:59:00 INFO  com.sinan.utilities.DriverFactory - WebDriver oluşturuluyor: chrome
2026-01-18 02:59:00 INFO  com.sinan.utilities.DriverFactory - ChromeDriver başarıyla oluşturuldu
2026-01-18 02:59:00 INFO  com.sinan.tests.BaseTest - WebDriver başarıyla oluşturuldu
2026-01-18 02:59:00 INFO  com.sinan.listeners.TestListener - Test başlatılıyor: testYesRadioButton
2026-01-18 02:59:11 INFO  com.sinan.tests.RadioButtonTest - Yes radio button tıklanıyor...
2026-01-18 02:59:25 ERROR com.sinan.listeners.TestListener - Test başarısız: testRadioButtonSwitching
java.lang.AssertionError: Output mesajı görüntülenmedi! expected [true] but found [false]
	at org.testng.Assert.fail(Assert.java:111) ~[testng-7.11.0.jar:7.11.0]
	at org.testng.Assert.failNotEquals(Assert.java:1590) ~[testng-7.11.0.jar:7.11.0]
	at org.testng.Assert.assertTrue(Assert.java:57) ~[testng-7.11.0.jar:7.11.0]
	at com.sinan.tests.RadioButtonTest.testRadioButtonSwitching(RadioButtonTest.java:94) ~[test-classes/:?]
	at java.base/jdk.internal.reflect.DirectMethodHandleAccessor.invoke(DirectMethodHandleAccessor.java:104) ~[?:?]
	at java.base/java.lang.reflect.Method.invoke(Method.java:565) ~[?:?]
	at org.testng.internal.invokers.MethodInvocationHelper.invokeMethod(MethodInvocationHelper.java:141) ~[testng-7.11.0.jar:7.11.0]
	at org.testng.internal.invokers.TestInvoker.invokeMethod(TestInvoker.java:687) [testng-7.11.0.jar:7.11.0]
	at org.testng.internal.invokers.TestInvoker.retryFailed(TestInvoker.java:269) [testng-7.11.0.jar:7.11.0]
	at org.testng.internal.invokers.MethodRunner.runInSequence(MethodRunner.java:76) [testng-7.11.0.jar:7.11.0]
	at org.testng.internal.invokers.TestInvoker$MethodInvocationAgent.invoke(TestInvoker.java:995) [testng-7.11.0.jar:7.11.0]
	at org.testng.internal.invokers.TestInvoker.invokeTestMethods(TestInvoker.java:203) [testng-7.11.0.jar:7.11.0]
	at org.testng.internal.invokers.TestMethodWorker.invokeTestMethods(TestMethodWorker.java:154) [testng-7.11.0.jar:7.11.0]
	at org.testng.internal.invokers.TestMethodWorker.run(TestMethodWorker.java:134) [testng-7.11.0.jar:7.11.0]
	at java.base/java.util.concurrent.Executors$RunnableAdapter.call(Executors.java:545) [?:?]
	at java.base/java.util.concurrent.FutureTask.run(FutureTask.java:328) [?:?]
	at org.testng.internal.thread.graph.TestNGFutureTask.run(TestNGFutureTask.java:22) [testng-7.11.0.jar:7.11.0]
	at java.base/java.util.concurrent.ThreadPoolExecutor.runWorker(ThreadPoolExecutor.java:1090) [?:?]
	at java.base/java.util.concurrent.ThreadPoolExecutor$Worker.run(ThreadPoolExecutor.java:614) [?:?]
	at java.base/java.lang.Thread.run(Thread.java:1474) [?:?]
2026-01-18 02:59:26 INFO  com.sinan.tests.BaseTest - Test tearDown başlatılıyor...
2026-01-18 02:59:26 INFO  com.sinan.utilities.DriverFactory - WebDriver kapatılıyor...
2026-01-18 02:59:26 INFO  com.sinan.utilities.DriverFactory - WebDriver başarıyla kapatıldı
2026-01-18 02:59:26 INFO  com.sinan.tests.BaseTest - WebDriver kapatıldı
2026-01-18 02:59:52 ERROR com.sinan.listeners.TestListener - Test başarısız: testImpressiveRadioButton
java.lang.AssertionError: Output mesajı görüntülenmedi! expected [true] but found [false]
	at org.testng.Assert.fail(Assert.java:111) ~[testng-7.11.0.jar:7.11.0]
	at org.testng.Assert.failNotEquals(Assert.java:1590) ~[testng-7.11.0.jar:7.11.0]
	at org.testng.Assert.assertTrue(Assert.java:57) ~[testng-7.11.0.jar:7.11.0]
	at com.sinan.tests.RadioButtonTest.testImpressiveRadioButton(RadioButtonTest.java:54) ~[test-classes/:?]
	at java.base/jdk.internal.reflect.DirectMethodHandleAccessor.invoke(DirectMethodHandleAccessor.java:104) ~[?:?]
	at java.base/java.lang.reflect.Method.invoke(Method.java:565) ~[?:?]
	at org.testng.internal.invokers.MethodInvocationHelper.invokeMethod(MethodInvocationHelper.java:141) ~[testng-7.11.0.jar:7.11.0]
	at org.testng.internal.invokers.TestInvoker.invokeMethod(TestInvoker.java:687) [testng-7.11.0.jar:7.11.0]
	at org.testng.internal.invokers.TestInvoker.retryFailed(TestInvoker.java:269) [testng-7.11.0.jar:7.11.0]
	at org.testng.internal.invokers.MethodRunner.runInSequence(MethodRunner.java:76) [testng-7.11.0.jar:7.11.0]
	at org.testng.internal.invokers.TestInvoker$MethodInvocationAgent.invoke(TestInvoker.java:995) [testng-7.11.0.jar:7.11.0]
	at org.testng.internal.invokers.TestInvoker.invokeTestMethods(TestInvoker.java:203) [testng-7.11.0.jar:7.11.0]
	at org.testng.internal.invokers.TestMethodWorker.invokeTestMethods(TestMethodWorker.java:154) [testng-7.11.0.jar:7.11.0]
	at org.testng.internal.invokers.TestMethodWorker.run(TestMethodWorker.java:134) [testng-7.11.0.jar:7.11.0]
	at java.base/java.util.concurrent.Executors$RunnableAdapter.call(Executors.java:545) [?:?]
	at java.base/java.util.concurrent.FutureTask.run(FutureTask.java:328) [?:?]
	at org.testng.internal.thread.graph.TestNGFutureTask.run(TestNGFutureTask.java:22) [testng-7.11.0.jar:7.11.0]
	at java.base/java.util.concurrent.ThreadPoolExecutor.runWorker(ThreadPoolExecutor.java:1090) [?:?]
	at java.base/java.util.concurrent.ThreadPoolExecutor$Worker.run(ThreadPoolExecutor.java:614) [?:?]
	at java.base/java.lang.Thread.run(Thread.java:1474) [?:?]
2026-01-18 02:59:52 INFO  com.sinan.tests.BaseTest - Test tearDown başlatılıyor...
2026-01-18 02:59:52 INFO  com.sinan.utilities.DriverFactory - WebDriver kapatılıyor...
2026-01-18 02:59:52 INFO  com.sinan.utilities.DriverFactory - WebDriver başarıyla kapatıldı
2026-01-18 02:59:52 INFO  com.sinan.tests.BaseTest - WebDriver kapatıldı
2026-01-18 03:00:11 ERROR com.sinan.listeners.TestListener - Test başarısız: testYesRadioButton
java.lang.AssertionError: Output mesajı görüntülenmedi! expected [true] but found [false]
	at org.testng.Assert.fail(Assert.java:111) ~[testng-7.11.0.jar:7.11.0]
	at org.testng.Assert.failNotEquals(Assert.java:1590) ~[testng-7.11.0.jar:7.11.0]
	at org.testng.Assert.assertTrue(Assert.java:57) ~[testng-7.11.0.jar:7.11.0]
	at com.sinan.tests.RadioButtonTest.testYesRadioButton(RadioButtonTest.java:32) ~[test-classes/:?]
	at java.base/jdk.internal.reflect.DirectMethodHandleAccessor.invoke(DirectMethodHandleAccessor.java:104) ~[?:?]
	at java.base/java.lang.reflect.Method.invoke(Method.java:565) ~[?:?]
	at org.testng.internal.invokers.MethodInvocationHelper.invokeMethod(MethodInvocationHelper.java:141) ~[testng-7.11.0.jar:7.11.0]
	at org.testng.internal.invokers.TestInvoker.invokeMethod(TestInvoker.java:687) [testng-7.11.0.jar:7.11.0]
	at org.testng.internal.invokers.TestInvoker.retryFailed(TestInvoker.java:269) [testng-7.11.0.jar:7.11.0]
	at org.testng.internal.invokers.MethodRunner.runInSequence(MethodRunner.java:76) [testng-7.11.0.jar:7.11.0]
	at org.testng.internal.invokers.TestInvoker$MethodInvocationAgent.invoke(TestInvoker.java:995) [testng-7.11.0.jar:7.11.0]
	at org.testng.internal.invokers.TestInvoker.invokeTestMethods(TestInvoker.java:203) [testng-7.11.0.jar:7.11.0]
	at org.testng.internal.invokers.TestMethodWorker.invokeTestMethods(TestMethodWorker.java:154) [testng-7.11.0.jar:7.11.0]
	at org.testng.internal.invokers.TestMethodWorker.run(TestMethodWorker.java:134) [testng-7.11.0.jar:7.11.0]
	at java.base/java.util.concurrent.Executors$RunnableAdapter.call(Executors.java:545) [?:?]
	at java.base/java.util.concurrent.FutureTask.run(FutureTask.java:328) [?:?]
	at org.testng.internal.thread.graph.TestNGFutureTask.run(TestNGFutureTask.java:22) [testng-7.11.0.jar:7.11.0]
	at java.base/java.util.concurrent.ThreadPoolExecutor.runWorker(ThreadPoolExecutor.java:1090) [?:?]
	at java.base/java.util.concurrent.ThreadPoolExecutor$Worker.run(ThreadPoolExecutor.java:614) [?:?]
	at java.base/java.lang.Thread.run(Thread.java:1474) [?:?]
2026-01-18 03:00:11 INFO  com.sinan.tests.BaseTest - Test tearDown başlatılıyor...
2026-01-18 03:00:11 INFO  com.sinan.utilities.DriverFactory - WebDriver kapatılıyor...
2026-01-18 03:00:12 INFO  com.sinan.utilities.DriverFactory - WebDriver başarıyla kapatıldı
2026-01-18 03:00:12 INFO  com.sinan.tests.BaseTest - WebDriver kapatıldı
2026-01-18 03:00:12 INFO  com.sinan.listeners.TestListener - Test suite tamamlandı. Rapor kaydediliyor...
2026-01-18 03:00:12 INFO  com.sinan.listeners.TestListener - Rapor başarıyla kaydedildi
2026-01-18 03:05:52 INFO  com.sinan.utilities.ConfigManager - Config dosyası yükleniyor: /Volumes/sinan/Projects/Automation_Tool_V1/src/test/resources/config.properties
2026-01-18 03:05:52 INFO  com.sinan.utilities.ConfigManager - Config dosyası başarıyla yüklendi
2026-01-18 03:05:52 INFO  com.sinan.tests.BaseTest - Test setup başlatılıyor...
2026-01-18 03:05:52 INFO  com.sinan.utilities.DriverFactory - WebDriver oluşturuluyor: chrome
2026-01-18 03:05:52 INFO  com.sinan.tests.BaseTest - Test setup başlatılıyor...
2026-01-18 03:05:52 INFO  com.sinan.utilities.DriverFactory - WebDriver oluşturuluyor: chrome
2026-01-18 03:05:53 INFO  com.sinan.utilities.DriverFactory - ChromeDriver başarıyla oluşturuldu
2026-01-18 03:05:53 INFO  com.sinan.utilities.DriverFactory - ChromeDriver başarıyla oluşturuldu
2026-01-18 03:05:53 INFO  com.sinan.tests.BaseTest - WebDriver başarıyla oluşturuldu
2026-01-18 03:05:53 INFO  com.sinan.tests.BaseTest - WebDriver başarıyla oluşturuldu
2026-01-18 03:05:53 INFO  com.sinan.listeners.TestListener - Test başlatılıyor: testLoginWithNullPassword
2026-01-18 03:05:53 INFO  com.sinan.listeners.TestListener - Test başlatılıyor: testLoginDDT
2026-01-18 03:05:53 INFO  com.sinan.tests.LoginTests - Test Başlıyor -> Kullanıcı: techproed
2026-01-18 03:05:56 INFO  com.sinan.listeners.TestListener - Test başarılı: testLoginWithNullPassword
2026-01-18 03:05:56 INFO  com.sinan.tests.BaseTest - Test tearDown başlatılıyor...
2026-01-18 03:05:56 INFO  com.sinan.utilities.DriverFactory - WebDriver kapatılıyor...
2026-01-18 03:05:56 INFO  com.sinan.utilities.DriverFactory - WebDriver başarıyla kapatıldı
2026-01-18 03:05:56 INFO  com.sinan.tests.BaseTest - WebDriver kapatıldı
2026-01-18 03:06:07 INFO  com.sinan.listeners.TestListener - Test başarılı: testLoginDDT
2026-01-18 03:06:07 INFO  com.sinan.tests.BaseTest - Test tearDown başlatılıyor...
2026-01-18 03:06:07 INFO  com.sinan.utilities.DriverFactory - WebDriver kapatılıyor...
2026-01-18 03:06:07 INFO  com.sinan.utilities.DriverFactory - WebDriver başarıyla kapatıldı
2026-01-18 03:06:07 INFO  com.sinan.tests.BaseTest - WebDriver kapatıldı
2026-01-18 03:06:07 INFO  com.sinan.tests.BaseTest - Test setup başlatılıyor...
2026-01-18 03:06:07 INFO  com.sinan.utilities.DriverFactory - WebDriver oluşturuluyor: chrome
2026-01-18 03:06:08 INFO  com.sinan.utilities.DriverFactory - ChromeDriver başarıyla oluşturuldu
2026-01-18 03:06:08 INFO  com.sinan.tests.BaseTest - WebDriver başarıyla oluşturuldu
2026-01-18 03:06:08 INFO  com.sinan.listeners.TestListener - Test başlatılıyor: testLoginDDT
2026-01-18 03:06:08 INFO  com.sinan.tests.LoginTests - Test Başlıyor -> Kullanıcı: undefinedUser
2026-01-18 03:06:17 INFO  com.sinan.listeners.TestListener - Test başarılı: testLoginDDT
2026-01-18 03:06:17 INFO  com.sinan.tests.BaseTest - Test tearDown başlatılıyor...
2026-01-18 03:06:17 INFO  com.sinan.utilities.DriverFactory - WebDriver kapatılıyor...
2026-01-18 03:06:17 INFO  com.sinan.utilities.DriverFactory - WebDriver başarıyla kapatıldı
2026-01-18 03:06:17 INFO  com.sinan.tests.BaseTest - WebDriver kapatıldı
2026-01-18 03:06:17 INFO  com.sinan.listeners.TestListener - Test suite tamamlandı. Rapor kaydediliyor...
2026-01-18 03:06:17 INFO  com.sinan.listeners.TestListener - Rapor başarıyla kaydedildi
2026-01-18 03:06:17 INFO  com.sinan.tests.BaseTest - Test setup başlatılıyor...
2026-01-18 03:06:17 INFO  com.sinan.tests.BaseTest - Test setup başlatılıyor...
2026-01-18 03:06:17 INFO  com.sinan.tests.BaseTest - Test setup başlatılıyor...
2026-01-18 03:06:17 INFO  com.sinan.utilities.DriverFactory - WebDriver oluşturuluyor: chrome
2026-01-18 03:06:17 INFO  com.sinan.utilities.DriverFactory - WebDriver oluşturuluyor: chrome
2026-01-18 03:06:17 INFO  com.sinan.utilities.DriverFactory - WebDriver oluşturuluyor: chrome
2026-01-18 03:06:18 INFO  com.sinan.utilities.DriverFactory - ChromeDriver başarıyla oluşturuldu
2026-01-18 03:06:18 INFO  com.sinan.utilities.DriverFactory - ChromeDriver başarıyla oluşturuldu
2026-01-18 03:06:18 INFO  com.sinan.utilities.DriverFactory - ChromeDriver başarıyla oluşturuldu
2026-01-18 03:06:18 INFO  com.sinan.tests.BaseTest - WebDriver başarıyla oluşturuldu
2026-01-18 03:06:18 INFO  com.sinan.tests.BaseTest - WebDriver başarıyla oluşturuldu
2026-01-18 03:06:18 INFO  com.sinan.tests.BaseTest - WebDriver başarıyla oluşturuldu
2026-01-18 03:06:18 INFO  com.sinan.listeners.TestListener - Test başlatılıyor: testFillFormAndVerifyResult
2026-01-18 03:06:18 INFO  com.sinan.listeners.TestListener - Test başlatılıyor: testOutputDisplayedAfterSubmit
2026-01-18 03:06:18 INFO  com.sinan.listeners.TestListener - Test başlatılıyor: testFillFormWithSpecificData
2026-01-18 03:06:21 INFO  com.sinan.tests.TextBoxTest - Test Başlıyor -> Full Name: John Doe
2026-01-18 03:06:21 INFO  com.sinan.listeners.TestListener - Test başarılı: testFillFormWithSpecificData
2026-01-18 03:06:21 INFO  com.sinan.tests.BaseTest - Test tearDown başlatılıyor...
2026-01-18 03:06:21 INFO  com.sinan.utilities.DriverFactory - WebDriver kapatılıyor...
2026-01-18 03:06:21 INFO  com.sinan.utilities.DriverFactory - WebDriver başarıyla kapatıldı
2026-01-18 03:06:21 INFO  com.sinan.tests.BaseTest - WebDriver kapatıldı
2026-01-18 03:06:27 INFO  com.sinan.listeners.TestListener - Test başarılı: testOutputDisplayedAfterSubmit
2026-01-18 03:06:27 INFO  com.sinan.tests.BaseTest - Test tearDown başlatılıyor...
2026-01-18 03:06:27 INFO  com.sinan.utilities.DriverFactory - WebDriver kapatılıyor...
2026-01-18 03:06:27 INFO  com.sinan.utilities.DriverFactory - WebDriver başarıyla kapatıldı
2026-01-18 03:06:27 INFO  com.sinan.tests.BaseTest - WebDriver kapatıldı
2026-01-18 03:06:31 INFO  com.sinan.tests.TextBoxTest - Test Başlıyor -> Full Name: Franklyn Altenwerth V
2026-01-18 03:06:31 INFO  com.sinan.listeners.TestListener - Test başarılı: testFillFormAndVerifyResult
2026-01-18 03:06:31 INFO  com.sinan.tests.BaseTest - Test tearDown başlatılıyor...
2026-01-18 03:06:31 INFO  com.sinan.utilities.DriverFactory - WebDriver kapatılıyor...
2026-01-18 03:06:31 INFO  com.sinan.utilities.DriverFactory - WebDriver başarıyla kapatıldı
2026-01-18 03:06:31 INFO  com.sinan.tests.BaseTest - WebDriver kapatıldı
2026-01-18 03:06:31 INFO  com.sinan.listeners.TestListener - Test suite tamamlandı. Rapor kaydediliyor...
2026-01-18 03:06:31 INFO  com.sinan.listeners.TestListener - Rapor başarıyla kaydedildi
2026-01-18 03:06:31 INFO  com.sinan.tests.BaseTest - Test setup başlatılıyor...
2026-01-18 03:06:31 INFO  com.sinan.tests.BaseTest - Test setup başlatılıyor...
2026-01-18 03:06:31 INFO  com.sinan.utilities.DriverFactory - WebDriver oluşturuluyor: chrome
2026-01-18 03:06:31 INFO  com.sinan.tests.BaseTest - Test setup başlatılıyor...
2026-01-18 03:06:31 INFO  com.sinan.utilities.DriverFactory - WebDriver oluşturuluyor: chrome
2026-01-18 03:06:31 INFO  com.sinan.tests.BaseTest - Test setup başlatılıyor...
2026-01-18 03:06:31 INFO  com.sinan.utilities.DriverFactory - WebDriver oluşturuluyor: chrome
2026-01-18 03:06:31 INFO  com.sinan.utilities.DriverFactory - WebDriver oluşturuluyor: chrome
2026-01-18 03:06:32 INFO  com.sinan.utilities.DriverFactory - ChromeDriver başarıyla oluşturuldu
2026-01-18 03:06:32 INFO  com.sinan.utilities.DriverFactory - ChromeDriver başarıyla oluşturuldu
2026-01-18 03:06:32 INFO  com.sinan.utilities.DriverFactory - ChromeDriver başarıyla oluşturuldu
2026-01-18 03:06:32 INFO  com.sinan.utilities.DriverFactory - ChromeDriver başarıyla oluşturuldu
2026-01-18 03:06:32 INFO  com.sinan.tests.BaseTest - WebDriver başarıyla oluşturuldu
2026-01-18 03:06:32 INFO  com.sinan.tests.BaseTest - WebDriver başarıyla oluşturuldu
2026-01-18 03:06:32 INFO  com.sinan.listeners.TestListener - Test başlatılıyor: testNoRadioButtonDisabled
2026-01-18 03:06:32 INFO  com.sinan.listeners.TestListener - Test başlatılıyor: testRadioButtonSwitching
2026-01-18 03:06:32 INFO  com.sinan.tests.BaseTest - WebDriver başarıyla oluşturuldu
2026-01-18 03:06:32 INFO  com.sinan.listeners.TestListener - Test başlatılıyor: testImpressiveRadioButton
2026-01-18 03:06:32 INFO  com.sinan.tests.BaseTest - WebDriver başarıyla oluşturuldu
2026-01-18 03:06:32 INFO  com.sinan.listeners.TestListener - Test başlatılıyor: testYesRadioButton
2026-01-18 03:06:34 INFO  com.sinan.tests.RadioButtonTest - Yes radio button seçiliyor...
2026-01-18 03:06:34 INFO  com.sinan.tests.RadioButtonTest - Impressive radio button seçiliyor...
2026-01-18 03:06:34 INFO  com.sinan.listeners.TestListener - Test başarılı: testRadioButtonSwitching
2026-01-18 03:06:34 INFO  com.sinan.tests.BaseTest - Test tearDown başlatılıyor...
2026-01-18 03:06:34 INFO  com.sinan.utilities.DriverFactory - WebDriver kapatılıyor...
2026-01-18 03:06:34 INFO  com.sinan.utilities.DriverFactory - WebDriver başarıyla kapatıldı
2026-01-18 03:06:34 INFO  com.sinan.tests.BaseTest - WebDriver kapatıldı
2026-01-18 03:06:34 INFO  com.sinan.tests.RadioButtonTest - No radio button durumu kontrol ediliyor...
2026-01-18 03:06:34 INFO  com.sinan.tests.RadioButtonTest - No radio button enabled durumu: false
2026-01-18 03:06:34 INFO  com.sinan.listeners.TestListener - Test başarılı: testNoRadioButtonDisabled
2026-01-18 03:06:34 INFO  com.sinan.tests.BaseTest - Test tearDown başlatılıyor...
2026-01-18 03:06:34 INFO  com.sinan.utilities.DriverFactory - WebDriver kapatılıyor...
2026-01-18 03:06:34 INFO  com.sinan.utilities.DriverFactory - WebDriver başarıyla kapatıldı
2026-01-18 03:06:34 INFO  com.sinan.tests.BaseTest - WebDriver kapatıldı
2026-01-18 03:06:44 INFO  com.sinan.tests.RadioButtonTest - Impressive radio button tıklanıyor...
2026-01-18 03:06:44 INFO  com.sinan.tests.RadioButtonTest - Yes radio button tıklanıyor...
2026-01-18 03:06:44 INFO  com.sinan.listeners.TestListener - Test başarılı: testImpressiveRadioButton
2026-01-18 03:06:44 INFO  com.sinan.tests.BaseTest - Test tearDown başlatılıyor...
2026-01-18 03:06:44 INFO  com.sinan.utilities.DriverFactory - WebDriver kapatılıyor...
2026-01-18 03:06:44 INFO  com.sinan.listeners.TestListener - Test başarılı: testYesRadioButton
2026-01-18 03:06:44 INFO  com.sinan.tests.BaseTest - Test tearDown başlatılıyor...
2026-01-18 03:06:44 INFO  com.sinan.utilities.DriverFactory - WebDriver kapatılıyor...
2026-01-18 03:06:44 INFO  com.sinan.utilities.DriverFactory - WebDriver başarıyla kapatıldı
2026-01-18 03:06:44 INFO  com.sinan.tests.BaseTest - WebDriver kapatıldı
2026-01-18 03:06:44 INFO  com.sinan.utilities.DriverFactory - WebDriver başarıyla kapatıldı
2026-01-18 03:06:44 INFO  com.sinan.tests.BaseTest - WebDriver kapatıldı
2026-01-18 03:06:44 INFO  com.sinan.listeners.TestListener - Test suite tamamlandı. Rapor kaydediliyor...
2026-01-18 03:06:44 INFO  com.sinan.listeners.TestListener - Rapor başarıyla kaydedildi
2026-01-18 03:08:08 INFO  com.sinan.tests.BaseTest - Test setup başlatılıyor...
2026-01-18 03:08:08 INFO  com.sinan.utilities.ConfigManager - Config dosyası yükleniyor: /Volumes/sinan/Projects/Automation_Tool_V1/src/test/resources/config.properties
2026-01-18 03:08:08 INFO  com.sinan.utilities.ConfigManager - Config dosyası başarıyla yüklendi
2026-01-18 03:08:08 INFO  com.sinan.utilities.DriverFactory - WebDriver oluşturuluyor: chrome
2026-01-18 03:08:08 INFO  com.sinan.utilities.DriverFactory - ChromeDriver başarıyla oluşturuldu
2026-01-18 03:08:08 INFO  com.sinan.tests.BaseTest - WebDriver başarıyla oluşturuldu
2026-01-18 03:08:08 INFO  com.sinan.tests.TextBoxTest - Boundary values testi başlatılıyor...
2026-01-18 03:08:08 INFO  com.sinan.tests.TextBoxTest - TextBox sayfası açılıyor...
2026-01-18 03:08:36 INFO  com.sinan.tests.TextBoxTest - 500 karakterlik uzun metinler oluşturuluyor...
2026-01-18 03:08:36 INFO  com.sinan.tests.TextBoxTest - Full Name metni oluşturuldu. Uzunluk: 500 karakter
2026-01-18 03:08:36 INFO  com.sinan.tests.TextBoxTest - Current Address metni oluşturuldu. Uzunluk: 500 karakter
2026-01-18 03:08:36 INFO  com.sinan.tests.TextBoxTest - Permanent Address metni oluşturuldu. Uzunluk: 500 karakter
2026-01-18 03:08:36 INFO  com.sinan.tests.TextBoxTest - Email oluşturuldu: chin.jakubowski@gmail.com
2026-01-18 03:08:36 INFO  com.sinan.tests.TextBoxTest - Form alanlarına uzun metinler giriliyor...
2026-01-18 03:08:37 INFO  com.sinan.tests.TextBoxTest - Form başarıyla gönderildi
2026-01-18 03:08:37 INFO  com.sinan.tests.TextBoxTest - Output bölümünün görünür olup olmadığı kontrol ediliyor...
2026-01-18 03:08:37 INFO  com.sinan.tests.TextBoxTest - Girilen uzun metinlerin output'ta birebir aynı görünüp görünmediği doğrulanıyor...
2026-01-18 03:08:37 ERROR com.sinan.tests.TextBoxTest - Uzun metinler output'ta eksik veya farklı görüntüleniyor!
2026-01-18 03:08:37 INFO  com.sinan.tests.BaseTest - Test tearDown başlatılıyor...
2026-01-18 03:08:37 INFO  com.sinan.utilities.DriverFactory - WebDriver kapatılıyor...
2026-01-18 03:08:37 INFO  com.sinan.utilities.DriverFactory - WebDriver başarıyla kapatıldı
2026-01-18 03:08:37 INFO  com.sinan.tests.BaseTest - WebDriver kapatıldı
2026-01-18 03:10:36 INFO  com.sinan.utilities.ConfigManager - Config dosyası yükleniyor: /Volumes/sinan/Projects/Automation_Tool_V1/src/test/resources/config.properties
2026-01-18 03:10:36 INFO  com.sinan.utilities.ConfigManager - Config dosyası başarıyla yüklendi
2026-01-18 03:10:36 INFO  com.sinan.tests.BaseTest - Test setup başlatılıyor...
2026-01-18 03:10:36 INFO  com.sinan.utilities.DriverFactory - WebDriver oluşturuluyor: chrome
2026-01-18 03:10:36 INFO  com.sinan.tests.BaseTest - Test setup başlatılıyor...
2026-01-18 03:10:36 INFO  com.sinan.utilities.DriverFactory - WebDriver oluşturuluyor: chrome
2026-01-18 03:10:37 INFO  com.sinan.utilities.DriverFactory - ChromeDriver başarıyla oluşturuldu
2026-01-18 03:10:37 INFO  com.sinan.utilities.DriverFactory - ChromeDriver başarıyla oluşturuldu
2026-01-18 03:10:37 INFO  com.sinan.tests.BaseTest - WebDriver başarıyla oluşturuldu
2026-01-18 03:10:37 INFO  com.sinan.listeners.TestListener - Test başlatılıyor: testLoginWithNullPassword
2026-01-18 03:10:37 INFO  com.sinan.tests.BaseTest - WebDriver başarıyla oluşturuldu
2026-01-18 03:10:37 INFO  com.sinan.listeners.TestListener - Test başlatılıyor: testLoginDDT
2026-01-18 03:10:37 INFO  com.sinan.tests.LoginTests - Test Başlıyor -> Kullanıcı: techproed
2026-01-18 03:10:40 INFO  com.sinan.listeners.TestListener - Test başarılı: testLoginWithNullPassword
2026-01-18 03:10:40 INFO  com.sinan.tests.BaseTest - Test tearDown başlatılıyor...
2026-01-18 03:10:40 INFO  com.sinan.utilities.DriverFactory - WebDriver kapatılıyor...
2026-01-18 03:10:40 INFO  com.sinan.utilities.DriverFactory - WebDriver başarıyla kapatıldı
2026-01-18 03:10:40 INFO  com.sinan.tests.BaseTest - WebDriver kapatıldı
2026-01-18 03:10:42 INFO  com.sinan.listeners.TestListener - Test başarılı: testLoginDDT
2026-01-18 03:10:42 INFO  com.sinan.tests.BaseTest - Test tearDown başlatılıyor...
2026-01-18 03:10:42 INFO  com.sinan.utilities.DriverFactory - WebDriver kapatılıyor...
2026-01-18 03:10:42 INFO  com.sinan.utilities.DriverFactory - WebDriver başarıyla kapatıldı
2026-01-18 03:10:42 INFO  com.sinan.tests.BaseTest - WebDriver kapatıldı
2026-01-18 03:10:42 INFO  com.sinan.tests.BaseTest - Test setup başlatılıyor...
2026-01-18 03:10:42 INFO  com.sinan.utilities.DriverFactory - WebDriver oluşturuluyor: chrome
2026-01-18 03:10:42 INFO  com.sinan.utilities.DriverFactory - ChromeDriver başarıyla oluşturuldu
2026-01-18 03:10:42 INFO  com.sinan.tests.BaseTest - WebDriver başarıyla oluşturuldu
2026-01-18 03:10:42 INFO  com.sinan.listeners.TestListener - Test başlatılıyor: testLoginDDT
2026-01-18 03:10:42 INFO  com.sinan.tests.LoginTests - Test Başlıyor -> Kullanıcı: undefinedUser
2026-01-18 03:10:55 INFO  com.sinan.listeners.TestListener - Test başarılı: testLoginDDT
2026-01-18 03:10:55 INFO  com.sinan.tests.BaseTest - Test tearDown başlatılıyor...
2026-01-18 03:10:55 INFO  com.sinan.utilities.DriverFactory - WebDriver kapatılıyor...
2026-01-18 03:10:55 INFO  com.sinan.utilities.DriverFactory - WebDriver başarıyla kapatıldı
2026-01-18 03:10:55 INFO  com.sinan.tests.BaseTest - WebDriver kapatıldı
2026-01-18 03:10:55 INFO  com.sinan.listeners.TestListener - Test suite tamamlandı. Rapor kaydediliyor...
2026-01-18 03:10:56 INFO  com.sinan.listeners.TestListener - Rapor başarıyla kaydedildi
2026-01-18 03:10:56 INFO  com.sinan.tests.BaseTest - Test setup başlatılıyor...
2026-01-18 03:10:56 INFO  com.sinan.tests.BaseTest - Test setup başlatılıyor...
2026-01-18 03:10:56 INFO  com.sinan.utilities.DriverFactory - WebDriver oluşturuluyor: chrome
2026-01-18 03:10:56 INFO  com.sinan.tests.BaseTest - Test setup başlatılıyor...
2026-01-18 03:10:56 INFO  com.sinan.utilities.DriverFactory - WebDriver oluşturuluyor: chrome
2026-01-18 03:10:56 INFO  com.sinan.utilities.DriverFactory - WebDriver oluşturuluyor: chrome
2026-01-18 03:10:56 INFO  com.sinan.tests.BaseTest - Test setup başlatılıyor...
2026-01-18 03:10:56 INFO  com.sinan.utilities.DriverFactory - WebDriver oluşturuluyor: chrome
2026-01-18 03:10:57 INFO  com.sinan.utilities.DriverFactory - ChromeDriver başarıyla oluşturuldu
2026-01-18 03:10:57 INFO  com.sinan.utilities.DriverFactory - ChromeDriver başarıyla oluşturuldu
2026-01-18 03:10:57 INFO  com.sinan.utilities.DriverFactory - ChromeDriver başarıyla oluşturuldu
2026-01-18 03:10:57 INFO  com.sinan.utilities.DriverFactory - ChromeDriver başarıyla oluşturuldu
2026-01-18 03:10:57 INFO  com.sinan.tests.BaseTest - WebDriver başarıyla oluşturuldu
2026-01-18 03:10:57 INFO  com.sinan.tests.BaseTest - WebDriver başarıyla oluşturuldu
2026-01-18 03:10:57 INFO  com.sinan.listeners.TestListener - Test başlatılıyor: testBoundaryValues
2026-01-18 03:10:57 INFO  com.sinan.tests.BaseTest - WebDriver başarıyla oluşturuldu
2026-01-18 03:10:57 INFO  com.sinan.listeners.TestListener - Test başlatılıyor: testFillFormAndVerifyResult
2026-01-18 03:10:57 INFO  com.sinan.tests.TextBoxTest - Boundary values testi başlatılıyor...
2026-01-18 03:10:57 INFO  com.sinan.listeners.TestListener - Test başlatılıyor: testFillFormWithSpecificData
2026-01-18 03:10:57 INFO  com.sinan.tests.BaseTest - WebDriver başarıyla oluşturuldu
2026-01-18 03:10:57 INFO  com.sinan.listeners.TestListener - Test başlatılıyor: testOutputDisplayedAfterSubmit
2026-01-18 03:10:57 INFO  com.sinan.tests.TextBoxTest - TextBox sayfası açılıyor...
2026-01-18 03:10:57 INFO  com.sinan.tests.TextBoxTest - Test Başlıyor -> Full Name: John Doe
2026-01-18 03:11:09 INFO  com.sinan.listeners.TestListener - Test başarılı: testFillFormWithSpecificData
2026-01-18 03:11:09 INFO  com.sinan.tests.BaseTest - Test tearDown başlatılıyor...
2026-01-18 03:11:09 INFO  com.sinan.utilities.DriverFactory - WebDriver kapatılıyor...
2026-01-18 03:11:09 INFO  com.sinan.tests.TextBoxTest - 500 karakterlik uzun metinler oluşturuluyor...
2026-01-18 03:11:09 INFO  com.sinan.tests.TextBoxTest - Full Name metni oluşturuldu. Uzunluk: 500 karakter
2026-01-18 03:11:09 INFO  com.sinan.tests.TextBoxTest - Current Address metni oluşturuldu. Uzunluk: 500 karakter
2026-01-18 03:11:09 INFO  com.sinan.tests.TextBoxTest - Permanent Address metni oluşturuldu. Uzunluk: 500 karakter
2026-01-18 03:11:09 INFO  com.sinan.tests.TextBoxTest - Email oluşturuldu: margaretta.collins@gmail.com
2026-01-18 03:11:09 INFO  com.sinan.tests.TextBoxTest - Form alanlarına uzun metinler giriliyor...
2026-01-18 03:11:09 INFO  com.sinan.utilities.DriverFactory - WebDriver başarıyla kapatıldı
2026-01-18 03:11:09 INFO  com.sinan.tests.BaseTest - WebDriver kapatıldı
2026-01-18 03:11:09 INFO  com.sinan.listeners.TestListener - Test başarılı: testOutputDisplayedAfterSubmit
2026-01-18 03:11:09 INFO  com.sinan.tests.BaseTest - Test tearDown başlatılıyor...
2026-01-18 03:11:09 INFO  com.sinan.utilities.DriverFactory - WebDriver kapatılıyor...
2026-01-18 03:11:09 INFO  com.sinan.utilities.DriverFactory - WebDriver başarıyla kapatıldı
2026-01-18 03:11:09 INFO  com.sinan.tests.BaseTest - WebDriver kapatıldı
2026-01-18 03:11:09 INFO  com.sinan.tests.TextBoxTest - Form başarıyla gönderildi
2026-01-18 03:11:09 INFO  com.sinan.tests.TextBoxTest - Output bölümünün görünür olup olmadığı kontrol ediliyor...
2026-01-18 03:11:09 INFO  com.sinan.tests.TextBoxTest - Girilen uzun metinlerin output'ta birebir aynı görünüp görünmediği doğrulanıyor...
2026-01-18 03:11:09 INFO  com.sinan.tests.TextBoxTest - Uzun metinler output'ta kesilmeden görüntülendi. Doğrulama başarılı!
2026-01-18 03:11:10 INFO  com.sinan.listeners.TestListener - Test başarılı: testBoundaryValues
2026-01-18 03:11:10 INFO  com.sinan.tests.BaseTest - Test tearDown başlatılıyor...
2026-01-18 03:11:10 INFO  com.sinan.utilities.DriverFactory - WebDriver kapatılıyor...
2026-01-18 03:11:10 INFO  com.sinan.utilities.DriverFactory - WebDriver başarıyla kapatıldı
2026-01-18 03:11:10 INFO  com.sinan.tests.BaseTest - WebDriver kapatıldı
2026-01-18 03:12:30 INFO  com.sinan.tests.TextBoxTest - Test Başlıyor -> Full Name: Eusebio Hand
2026-01-18 03:12:31 INFO  com.sinan.listeners.TestListener - Test başarılı: testFillFormAndVerifyResult
2026-01-18 03:12:31 INFO  com.sinan.tests.BaseTest - Test tearDown başlatılıyor...
2026-01-18 03:12:31 INFO  com.sinan.utilities.DriverFactory - WebDriver kapatılıyor...
2026-01-18 03:12:32 INFO  com.sinan.utilities.DriverFactory - WebDriver başarıyla kapatıldı
2026-01-18 03:12:32 INFO  com.sinan.tests.BaseTest - WebDriver kapatıldı
2026-01-18 03:12:32 INFO  com.sinan.listeners.TestListener - Test suite tamamlandı. Rapor kaydediliyor...
2026-01-18 03:12:32 INFO  com.sinan.listeners.TestListener - Rapor başarıyla kaydedildi
2026-01-18 03:12:32 INFO  com.sinan.tests.BaseTest - Test setup başlatılıyor...
2026-01-18 03:12:32 INFO  com.sinan.tests.BaseTest - Test setup başlatılıyor...
2026-01-18 03:12:32 INFO  com.sinan.tests.BaseTest - Test setup başlatılıyor...
2026-01-18 03:12:32 INFO  com.sinan.utilities.DriverFactory - WebDriver oluşturuluyor: chrome
2026-01-18 03:12:32 INFO  com.sinan.utilities.DriverFactory - WebDriver oluşturuluyor: chrome
2026-01-18 03:12:32 INFO  com.sinan.utilities.DriverFactory - WebDriver oluşturuluyor: chrome
2026-01-18 03:12:32 INFO  com.sinan.tests.BaseTest - Test setup başlatılıyor...
2026-01-18 03:12:32 INFO  com.sinan.utilities.DriverFactory - WebDriver oluşturuluyor: chrome
2026-01-18 03:12:33 INFO  com.sinan.utilities.DriverFactory - ChromeDriver başarıyla oluşturuldu
2026-01-18 03:12:33 INFO  com.sinan.utilities.DriverFactory - ChromeDriver başarıyla oluşturuldu
2026-01-18 03:12:33 INFO  com.sinan.utilities.DriverFactory - ChromeDriver başarıyla oluşturuldu
2026-01-18 03:12:33 INFO  com.sinan.tests.BaseTest - WebDriver başarıyla oluşturuldu
2026-01-18 03:12:33 INFO  com.sinan.listeners.TestListener - Test başlatılıyor: testYesRadioButton
2026-01-18 03:12:33 INFO  com.sinan.tests.BaseTest - WebDriver başarıyla oluşturuldu
2026-01-18 03:12:33 INFO  com.sinan.tests.BaseTest - WebDriver başarıyla oluşturuldu
2026-01-18 03:12:33 INFO  com.sinan.listeners.TestListener - Test başlatılıyor: testNoRadioButtonDisabled
2026-01-18 03:12:33 INFO  com.sinan.listeners.TestListener - Test başlatılıyor: testImpressiveRadioButton
2026-01-18 03:12:33 INFO  com.sinan.utilities.DriverFactory - ChromeDriver başarıyla oluşturuldu
2026-01-18 03:12:33 INFO  com.sinan.tests.BaseTest - WebDriver başarıyla oluşturuldu
2026-01-18 03:12:33 INFO  com.sinan.listeners.TestListener - Test başlatılıyor: testRadioButtonSwitching
2026-01-18 03:12:40 INFO  com.sinan.tests.RadioButtonTest - Impressive radio button tıklanıyor...
2026-01-18 03:12:40 INFO  com.sinan.listeners.TestListener - Test başarılı: testImpressiveRadioButton
2026-01-18 03:12:40 INFO  com.sinan.tests.BaseTest - Test tearDown başlatılıyor...
2026-01-18 03:12:40 INFO  com.sinan.utilities.DriverFactory - WebDriver kapatılıyor...
2026-01-18 03:12:40 INFO  com.sinan.utilities.DriverFactory - WebDriver başarıyla kapatıldı
2026-01-18 03:12:40 INFO  com.sinan.tests.BaseTest - WebDriver kapatıldı
2026-01-18 03:12:44 INFO  com.sinan.tests.RadioButtonTest - Yes radio button tıklanıyor...
2026-01-18 03:12:44 INFO  com.sinan.listeners.TestListener - Test başarılı: testYesRadioButton
2026-01-18 03:12:44 INFO  com.sinan.tests.BaseTest - Test tearDown başlatılıyor...
2026-01-18 03:12:44 INFO  com.sinan.utilities.DriverFactory - WebDriver kapatılıyor...
2026-01-18 03:12:44 INFO  com.sinan.utilities.DriverFactory - WebDriver başarıyla kapatıldı
2026-01-18 03:12:44 INFO  com.sinan.tests.BaseTest - WebDriver kapatıldı
2026-01-18 03:12:44 INFO  com.sinan.tests.RadioButtonTest - Yes radio button seçiliyor...
2026-01-18 03:12:44 INFO  com.sinan.tests.RadioButtonTest - Impressive radio button seçiliyor...
2026-01-18 03:12:45 INFO  com.sinan.listeners.TestListener - Test başarılı: testRadioButtonSwitching
2026-01-18 03:12:45 INFO  com.sinan.tests.BaseTest - Test tearDown başlatılıyor...
2026-01-18 03:12:45 INFO  com.sinan.utilities.DriverFactory - WebDriver kapatılıyor...
2026-01-18 03:12:45 INFO  com.sinan.utilities.DriverFactory - WebDriver başarıyla kapatıldı
2026-01-18 03:12:45 INFO  com.sinan.tests.BaseTest - WebDriver kapatıldı
2026-01-18 03:12:56 INFO  com.sinan.tests.RadioButtonTest - No radio button durumu kontrol ediliyor...
2026-01-18 03:12:56 INFO  com.sinan.tests.RadioButtonTest - No radio button enabled durumu: false
2026-01-18 03:12:56 INFO  com.sinan.listeners.TestListener - Test başarılı: testNoRadioButtonDisabled
2026-01-18 03:12:56 INFO  com.sinan.tests.BaseTest - Test tearDown başlatılıyor...
2026-01-18 03:12:56 INFO  com.sinan.utilities.DriverFactory - WebDriver kapatılıyor...
2026-01-18 03:12:57 INFO  com.sinan.utilities.DriverFactory - WebDriver başarıyla kapatıldı
2026-01-18 03:12:57 INFO  com.sinan.tests.BaseTest - WebDriver kapatıldı
2026-01-18 03:12:57 INFO  com.sinan.listeners.TestListener - Test suite tamamlandı. Rapor kaydediliyor...
2026-01-18 03:12:57 INFO  com.sinan.listeners.TestListener - Rapor başarıyla kaydedildi
